---
source: tests/ecta_conversion.rs
expression: "ecta.get_dot(&[]).to_string()"
---
digraph {
    0 [ label = "" ]
    1 [ label = "" ]
    2 [ label = "" ]
    3 [ label = "" ]
    4 [ label = "" ]
    5 [ label = "" ]
    6 [ label = "" ]
    7 [ label = "" ]
    8 [ label = "" ]
    9 [ label = "" ]
    10 [ label = "" ]
    11 [ label = "" ]
    12 [ label = "" ]
    13 [ label = "" ]
    14 [ label = "" ]
    1 -> 0 [ label = "int_0" ]
    2 -> 0 [ label = "list_0" ]
    3 -> 1 [ label = "O_0" ]
    4 -> 1 [ label = "O_0" ]
    4 -> 1 [ label = "inc_0" ]
    4 -> 3 [ label = "inc_1" ]
    5 -> 1 [ label = "inc_0" ]
    5 -> 4 [ label = "inc_1" ]
    6 -> 2 [ label = "arg0_0" ]
    7 -> 1 [ label = "hd_0" ]
    7 -> 6 [ label = "hd_1" ]
    8 -> 2 [ label = "nil_0" ]
    9 -> 2 [ label = "cons_0" ]
    9 -> 3 [ label = "cons_1" ]
    9 -> 8 [ label = "cons_2" ]
    10 -> 2 [ label = "cons_0" ]
    10 -> 7 [ label = "cons_1" ]
    10 -> 9 [ label = "cons_2" ]
    10 -> 2 [ label = "tail_0" ]
    10 -> 6 [ label = "tail_1" ]
    11 -> 2 [ label = "arg0_0" ]
    11 -> 2 [ label = "cons_0" ]
    11 -> 5 [ label = "cons_1" ]
    11 -> 10 [ label = "cons_2" ]
    12 -> 2 [ label = "tail_0" ]
    12 -> 6 [ label = "tail_1" ]
    13 -> 1 [ label = "O_0" ]
    13 -> 1 [ label = "hd_0" ]
    13 -> 12 [ label = "hd_1" ]
    13 -> 1 [ label = "inc_0" ]
    13 -> 3 [ label = "inc_1" ]
    14 -> 1 [ label = "O_0" ]
    14 -> 1 [ label = "hd_0" ]
    14 -> 11 [ label = "hd_1" ]
    14 -> 1 [ label = "inc_0" ]
    14 -> 13 [ label = "inc_1" ]
}

